1cc

2x [c]Goblin Guide[/c]

4cc

4x [c]Jace, the Mind Sculptor[/c]

2cc
[c]Tarmogoyf[/c]
