1x [card=e:mbs Green Sun's Zenith][MBS] Green Sun's Zenith[/card]
1x [card=e:som Corrupted Harvester][SOM] Corrupted Harvester[/card]
