[c]Oblivion ring[/c]
[c]Oblivion ring[/c]
[c]Oblivion ring[/c]
[c]Oblivion ring[/c]
[c]Mind spring[/c]
[c]Fabricate[/c]
[c]Fabricate[/c]
[c]Relentless rats[/c]
[c]Relentless rats[/c]
