1x [c]Green Sun's Zenith[/c]
SB: 1x [c]Corrupted Harvester[/c]
