**********
1x [c]Jace, the Mind Sculptor[/c] - 250 Lt
1x [c]Searing Blaze[/c] - 9 Lt
1x [c]Butcher of Malakir[/c] - 10 Lt
2x [c]Claws of Valakut[/c] - 1 Lt
2x [c]Crusher Zendikon[/c] - 1.5 Lt
1x [c]Mordant Dragon[/c] - 8 Lt
1x [c]Comet Storm[/c] (Worldwake Prerelease) - 8 Lt
2x [c]Graypelt Hunter[/c] - 1 Lt
1x [c]Pulse Tracker[/c] - 3 Lt
2x [c]Join the Ranks[/c] - 3 Lt
